d:\study\学习\数据库大作业\librarymanagementsystem\librarymanagementsystem\x64\debug\vc143.pdb
d:\study\学习\数据库大作业\librarymanagementsystem\librarymanagementsystem\x64\debug\vc143.idb
d:\study\学习\数据库大作业\librarymanagementsystem\librarymanagementsystem\x64\debug\main.obj
d:\study\学习\数据库大作业\librarymanagementsystem\librarymanagementsystem\x64\debug\login.obj
d:\study\学习\数据库大作业\librarymanagementsystem\librarymanagementsystem\x64\debug\button.obj
d:\study\学习\数据库大作业\librarymanagementsystem\librarymanagementsystem\x64\debug\textbox.obj
d:\study\学习\数据库大作业\librarymanagementsystem\librarymanagementsystem\x64\debug\errormessage.obj
d:\study\学习\数据库大作业\librarymanagementsystem\librarymanagementsystem\x64\debug\account.obj
d:\study\学习\数据库大作业\librarymanagementsystem\librarymanagementsystem\x64\debug\librarymanagementsystem.pch
d:\study\学习\数据库大作业\librarymanagementsystem\librarymanagementsystem\x64\debug\pch.obj
d:\study\学习\数据库大作业\librarymanagementsystem\x64\debug\librarymanagementsystem.exe
d:\study\学习\数据库大作业\librarymanagementsystem\librarymanagementsystem\x64\debug\librarymanagementsystem.ilk
d:\study\学习\数据库大作业\librarymanagementsystem\x64\debug\librarymanagementsystem.pdb
d:\study\学习\数据库大作业\librarymanagementsystem\librarymanagementsystem\x64\debug\librarym.b585f525.tlog\cl.command.1.tlog
d:\study\学习\数据库大作业\librarymanagementsystem\librarymanagementsystem\x64\debug\librarym.b585f525.tlog\cl.items.tlog
d:\study\学习\数据库大作业\librarymanagementsystem\librarymanagementsystem\x64\debug\librarym.b585f525.tlog\cl.read.1.tlog
d:\study\学习\数据库大作业\librarymanagementsystem\librarymanagementsystem\x64\debug\librarym.b585f525.tlog\cl.write.1.tlog
d:\study\学习\数据库大作业\librarymanagementsystem\librarymanagementsystem\x64\debug\librarym.b585f525.tlog\link.command.1.tlog
d:\study\学习\数据库大作业\librarymanagementsystem\librarymanagementsystem\x64\debug\librarym.b585f525.tlog\link.read.1.tlog
d:\study\学习\数据库大作业\librarymanagementsystem\librarymanagementsystem\x64\debug\librarym.b585f525.tlog\link.write.1.tlog
